// Jest Snapshot v1, https://goo.gl/fbAQLP

exports[`LessonContainer Component The LessonContainer renders 1`] = `
<div>
  Loading...
</div>
`;
