// Jest Snapshot v1, https://goo.gl/fbAQLP

exports[`SearchResultsItem Layout Component The SearchResultsItem renders 1`] = `ReactWrapper {}`;
