// Jest Snapshot v1, https://goo.gl/fbAQLP

exports[`Playlist Component The Playlist renders empty 1`] = `ReactWrapper {}`;
